// Jest Snapshot v1, https://goo.gl/fbAQLP

exports[`Rocket Element Tests renders correctly 1`] = `
<section
  className="inner-padding"
/>
`;
